
> v1-agency-fast@0.1.0 build
> npm run db:generate && next build


> v1-agency-fast@0.1.0 db:generate
> drizzle-kit generate

No config path provided, using default 'drizzle.config.ts'
Reading config file '/Users/muhammadaliyan/Agency/v1-agency-fast/drizzle.config.ts'
◇ injected env (0) from .env // tip: ⌘ override existing { override: true }
10 tables
categories 7 columns 0 indexes 0 fks
inventory_items 5 columns 0 indexes 0 fks
item_add_ons 5 columns 0 indexes 1 fks
item_variants 5 columns 0 indexes 1 fks
menu_items 11 columns 2 indexes 1 fks
order_items 11 columns 2 indexes 3 fks
orders 19 columns 4 indexes 2 fks
reviews 6 columns 0 indexes 1 fks
rider_profiles 6 columns 0 indexes 1 fks
users 9 columns 2 indexes 0 fks

No schema changes, nothing to migrate 😴
▲ Next.js 16.3.2 (Turbopack)
- Environments: .env
✓ Running next.config.ts took 76ms

  Creating an optimized production build ...
✓ Compiled successfully in 1273ms
  Running TypeScript ...
  Finished TypeScript in 1807ms ...
  Collecting page data using 7 workers ...
  Generating static pages using 7 workers (0/13) ...
  Generating static pages using 7 workers (3/13) 
  Generating static pages using 7 workers (6/13) 
  Generating static pages using 7 workers (9/13) 
✓ Generating static pages using 7 workers (13/13) in 3.4s
  Finalizing page optimization ...

Route (app)            Revalidate  Expire
┌ ○ /
├ ○ /_not-found
├ ƒ /admin/categories
├ ƒ /admin/dashboard
├ ƒ /admin/inventory
├ ○ /admin/login
├ ƒ /admin/menu
├ ○ /admin/orders
├ ○ /admin/riders
├ ○ /admin/settings
├ ○ /admin/staff
├ ○ /api/menu                  1m      1y
├ ƒ /api/orders
├ ƒ /api/orders/[id]
├ ○ /checkout
├ ƒ /menu
├ ƒ /product/[id]
├ ○ /track
└ ƒ /track/[orderId]


ƒ Proxy (Middleware)

○  (Static)   prerendered as static content
ƒ  (Dynamic)  server-rendered on demand

